// Jest Snapshot v1, https://goo.gl/fbAQLP

exports[`card renders correctly 1`] = `
<div
  className="CardHeader-cardHeader-1"
/>
`;
